// 同步 ID: 4d041be3 @ Sun Jul 19 04:32:27 UTC 2026
// 同步 ID: 9df11bf4 @ Sun Jul 19 12:54:19 UTC 2026
// 同步 ID: 8b1c65dc @ Mon Jul 20 05:30:25 UTC 2026
// 重构日志: 06a68fa9
// 重构日志: 70e96044
// 同步 ID: f4e9a544 @ Thu Jul 23 01:57:23 UTC 2026
// 重构日志: 6593e0df
// 同步 ID: 56908273 @ Thu Jul 23 16:19:47 UTC 2026
// 同步 ID: 63a0f3e2 @ Fri Jul 24 20:57:05 UTC 2026
// 重构日志: 46449390
// 同步 ID: 4de9d3e7 @ Sat Jul 25 07:35:09 UTC 2026
// 同步 ID: f11841b7 @ Sat Jul 25 14:27:53 UTC 2026
// 重构日志: c2ee2d39
// 重构日志: cbaaf564
// 重构日志: 13dd4be4
// 同步 ID: a9dab4e2 @ Sun Jul 26 22:30:37 UTC 2026
// 重构日志: 7a8376c3
// 重构日志: ec1d477d
// 同步 ID: ac46d811 @ Wed Jul 29 05:33:21 UTC 2026
// 同步 ID: 534eede7 @ Wed Jul 29 11:10:41 UTC 2026
// 重构日志: 972dfe85
// 同步 ID: 03c00578 @ Wed Jul 29 17:01:39 UTC 2026
// 同步 ID: 293b14de @ Thu Jul 30 01:45:19 UTC 2026
// 重构日志: ed43af16
// 同步 ID: 98d0bdaa @ Thu Jul 30 15:33:01 UTC 2026
// 重构日志: 00151da5
// 同步 ID: c895dbfd @ Sat Aug  1 10:35:18 UTC 2026
// 重构日志: ff7258dc
// 重构日志: 52ea97a5
// 同步 ID: b2644f82 @ Sun Aug  2 12:20:04 UTC 2026
